Archive member included to satisfy reference by file (symbol)

c:/program files (x86)/atollic/truestudio for stm32 9.0.0/armtools/bin/../lib/gcc/arm-atollic-eabi/6.3.1/../../../../arm-atollic-eabi/lib/armv7e-m/fpu\libc_nano.a(lib_a-init.o)
                              Startup\startup_stm32f407xx.o (__libc_init_array)
c:/program files (x86)/atollic/truestudio for stm32 9.0.0/armtools/bin/../lib/gcc/arm-atollic-eabi/6.3.1/armv7e-m/fpu\libgcc.a(_arm_addsubdf3.o)
                              Application\main.o (__aeabi_i2d)
c:/program files (x86)/atollic/truestudio for stm32 9.0.0/armtools/bin/../lib/gcc/arm-atollic-eabi/6.3.1/armv7e-m/fpu\libgcc.a(_arm_muldivdf3.o)
                              Application\main.o (__aeabi_dmul)
c:/program files (x86)/atollic/truestudio for stm32 9.0.0/armtools/bin/../lib/gcc/arm-atollic-eabi/6.3.1/armv7e-m/fpu\libgcc.a(_arm_fixdfsi.o)
                              Application\main.o (__aeabi_d2iz)

Allocating common symbols
Common symbol       size              file

delayCCR2           0x4               Application\main.o
delayCCR1           0x4               Application\main.o
pidData             0x14              Application\main.o

Memory Configuration

Name             Origin             Length             Attributes
FLASH            0x08000000         0x00080000         xr
RAM              0x20000000         0x00020000         xrw
MEMORY_B1        0x60000000         0x00000000         xr
CCMRAM           0x10000000         0x00010000         rw
*default*        0x00000000         0xffffffff

Linker script and memory map

LOAD c:/program files (x86)/atollic/truestudio for stm32 9.0.0/armtools/bin/../lib/gcc/arm-atollic-eabi/6.3.1/armv7e-m/fpu/crti.o
LOAD c:/program files (x86)/atollic/truestudio for stm32 9.0.0/armtools/bin/../lib/gcc/arm-atollic-eabi/6.3.1/armv7e-m/fpu/crtbegin.o
LOAD Application\main.o
LOAD Application\pid.o
LOAD CMSIS\system_stm32f4xx.o
LOAD Startup\startup_stm32f407xx.o
                0x00000080                malloc_getpagesize_P = 0x80
START GROUP
LOAD c:/program files (x86)/atollic/truestudio for stm32 9.0.0/armtools/bin/../lib/gcc/arm-atollic-eabi/6.3.1/../../../../arm-atollic-eabi/lib/armv7e-m/fpu\libc_nano.a
LOAD c:/program files (x86)/atollic/truestudio for stm32 9.0.0/armtools/bin/../lib/gcc/arm-atollic-eabi/6.3.1/../../../../arm-atollic-eabi/lib/armv7e-m/fpu\libm.a
END GROUP
START GROUP
LOAD c:/program files (x86)/atollic/truestudio for stm32 9.0.0/armtools/bin/../lib/gcc/arm-atollic-eabi/6.3.1/armv7e-m/fpu\libgcc.a
LOAD c:/program files (x86)/atollic/truestudio for stm32 9.0.0/armtools/bin/../lib/gcc/arm-atollic-eabi/6.3.1/../../../../arm-atollic-eabi/lib/armv7e-m/fpu\libc_nano.a
END GROUP
START GROUP
LOAD c:/program files (x86)/atollic/truestudio for stm32 9.0.0/armtools/bin/../lib/gcc/arm-atollic-eabi/6.3.1/armv7e-m/fpu\libgcc.a
LOAD c:/program files (x86)/atollic/truestudio for stm32 9.0.0/armtools/bin/../lib/gcc/arm-atollic-eabi/6.3.1/../../../../arm-atollic-eabi/lib/armv7e-m/fpu\libc_nano.a
LOAD c:/program files (x86)/atollic/truestudio for stm32 9.0.0/armtools/bin/../lib/gcc/arm-atollic-eabi/6.3.1/../../../../arm-atollic-eabi/lib/armv7e-m/fpu\libnosys.a
END GROUP
START GROUP
LOAD c:/program files (x86)/atollic/truestudio for stm32 9.0.0/armtools/bin/../lib/gcc/arm-atollic-eabi/6.3.1/armv7e-m/fpu\libgcc.a
LOAD c:/program files (x86)/atollic/truestudio for stm32 9.0.0/armtools/bin/../lib/gcc/arm-atollic-eabi/6.3.1/../../../../arm-atollic-eabi/lib/armv7e-m/fpu\libc_nano.a
LOAD c:/program files (x86)/atollic/truestudio for stm32 9.0.0/armtools/bin/../lib/gcc/arm-atollic-eabi/6.3.1/../../../../arm-atollic-eabi/lib/armv7e-m/fpu\libnosys.a
END GROUP
LOAD c:/program files (x86)/atollic/truestudio for stm32 9.0.0/armtools/bin/../lib/gcc/arm-atollic-eabi/6.3.1/armv7e-m/fpu/crtend.o
LOAD c:/program files (x86)/atollic/truestudio for stm32 9.0.0/armtools/bin/../lib/gcc/arm-atollic-eabi/6.3.1/armv7e-m/fpu/crtn.o
                0x20020000                _estack = 0x20020000
                0x00000000                _Min_Heap_Size = 0x0
                0x00000400                _Min_Stack_Size = 0x400

.isr_vector     0x08000000      0x188
                0x08000000                . = ALIGN (0x4)
 *(.isr_vector)
 .isr_vector    0x08000000      0x188 Startup\startup_stm32f407xx.o
                0x08000000                g_pfnVectors
                0x08000188                . = ALIGN (0x4)

.text           0x08000188     0x11fc
                0x08000188                . = ALIGN (0x4)
 *(.text)
 .text          0x08000188        0x0 c:/program files (x86)/atollic/truestudio for stm32 9.0.0/armtools/bin/../lib/gcc/arm-atollic-eabi/6.3.1/armv7e-m/fpu/crti.o
 .text          0x08000188       0x40 c:/program files (x86)/atollic/truestudio for stm32 9.0.0/armtools/bin/../lib/gcc/arm-atollic-eabi/6.3.1/armv7e-m/fpu/crtbegin.o
 .text          0x080001c8      0x5f4 Application\main.o
                0x08000294                clockConfig
                0x08000354                TIM2_Init
                0x08000474                TIM1_Init
                0x08000550                TB_Wait
                0x0800057c                setFreq
                0x0800059a                setPulseWidth
                0x080005b8                main
                0x08000640                TIM1_UP_TIM10_IRQHandler
                0x08000764                TIM1_CC_IRQHandler
                0x08000784                TIM2_IRQHandler
                0x08000792                SysTick_Handler
 .text          0x080007bc      0x1b8 Application\pid.o
                0x080007bc                pid_Init
                0x08000828                pid_Controller
                0x08000958                pid_Reset_Integrator
 .text          0x08000974      0x160 CMSIS\system_stm32f4xx.o
                0x08000974                SystemInit
                0x080009e0                SystemCoreClockUpdate
 .text          0x08000ad4       0x14 Startup\startup_stm32f407xx.o
 .text          0x08000ae8        0x0 c:/program files (x86)/atollic/truestudio for stm32 9.0.0/armtools/bin/../lib/gcc/arm-atollic-eabi/6.3.1/../../../../arm-atollic-eabi/lib/armv7e-m/fpu\libc_nano.a(lib_a-init.o)
 .text          0x08000ae8      0x370 c:/program files (x86)/atollic/truestudio for stm32 9.0.0/armtools/bin/../lib/gcc/arm-atollic-eabi/6.3.1/armv7e-m/fpu\libgcc.a(_arm_addsubdf3.o)
                0x08000ae8                __aeabi_drsub
                0x08000af0                __aeabi_dsub
                0x08000af0                __subdf3
                0x08000af4                __aeabi_dadd
                0x08000af4                __adddf3
                0x08000d6c                __floatunsidf
                0x08000d6c                __aeabi_ui2d
                0x08000d8c                __floatsidf
                0x08000d8c                __aeabi_i2d
                0x08000db0                __aeabi_f2d
                0x08000db0                __extendsfdf2
                0x08000dec                __floatundidf
                0x08000dec                __aeabi_ul2d
                0x08000dfc                __floatdidf
                0x08000dfc                __aeabi_l2d
 .text          0x08000e58      0x424 c:/program files (x86)/atollic/truestudio for stm32 9.0.0/armtools/bin/../lib/gcc/arm-atollic-eabi/6.3.1/armv7e-m/fpu\libgcc.a(_arm_muldivdf3.o)
                0x08000e58                __aeabi_dmul
                0x08000e58                __muldf3
                0x080010ac                __divdf3
                0x080010ac                __aeabi_ddiv
 .text          0x0800127c       0x50 c:/program files (x86)/atollic/truestudio for stm32 9.0.0/armtools/bin/../lib/gcc/arm-atollic-eabi/6.3.1/armv7e-m/fpu\libgcc.a(_arm_fixdfsi.o)
                0x0800127c                __aeabi_d2iz
                0x0800127c                __fixdfsi
 .text          0x080012cc        0x0 c:/program files (x86)/atollic/truestudio for stm32 9.0.0/armtools/bin/../lib/gcc/arm-atollic-eabi/6.3.1/armv7e-m/fpu/crtend.o
 .text          0x080012cc        0x0 c:/program files (x86)/atollic/truestudio for stm32 9.0.0/armtools/bin/../lib/gcc/arm-atollic-eabi/6.3.1/armv7e-m/fpu/crtn.o
 *(.text*)
 .text.Reset_Handler
                0x080012cc       0x50 Startup\startup_stm32f407xx.o
                0x080012cc                Reset_Handler
 .text.Default_Handler
                0x0800131c        0x2 Startup\startup_stm32f407xx.o
                0x0800131c                RTC_Alarm_IRQHandler
                0x0800131c                HASH_RNG_IRQHandler
                0x0800131c                EXTI2_IRQHandler
                0x0800131c                TIM8_CC_IRQHandler
                0x0800131c                DebugMon_Handler
                0x0800131c                DMA2_Stream5_IRQHandler
                0x0800131c                HardFault_Handler
                0x0800131c                DMA1_Stream5_IRQHandler
                0x0800131c                PVD_IRQHandler
                0x0800131c                SDIO_IRQHandler
                0x0800131c                TAMP_STAMP_IRQHandler
                0x0800131c                PendSV_Handler
                0x0800131c                NMI_Handler
                0x0800131c                CAN2_RX1_IRQHandler
                0x0800131c                EXTI3_IRQHandler
                0x0800131c                TIM8_TRG_COM_TIM14_IRQHandler
                0x0800131c                TIM8_UP_TIM13_IRQHandler
                0x0800131c                I2C3_ER_IRQHandler
                0x0800131c                EXTI0_IRQHandler
                0x0800131c                I2C2_EV_IRQHandler
                0x0800131c                DMA1_Stream2_IRQHandler
                0x0800131c                CAN1_RX0_IRQHandler
                0x0800131c                FPU_IRQHandler
                0x0800131c                OTG_HS_WKUP_IRQHandler
                0x0800131c                UsageFault_Handler
                0x0800131c                CAN2_SCE_IRQHandler
                0x0800131c                DMA2_Stream2_IRQHandler
                0x0800131c                SPI1_IRQHandler
                0x0800131c                TIM6_DAC_IRQHandler
                0x0800131c                TIM1_BRK_TIM9_IRQHandler
                0x0800131c                DCMI_IRQHandler
                0x0800131c                CAN2_RX0_IRQHandler
                0x0800131c                DMA2_Stream3_IRQHandler
                0x0800131c                USART6_IRQHandler
                0x0800131c                USART3_IRQHandler
                0x0800131c                CAN1_RX1_IRQHandler
                0x0800131c                UART5_IRQHandler
                0x0800131c                DMA2_Stream0_IRQHandler
                0x0800131c                TIM4_IRQHandler
                0x0800131c                I2C1_EV_IRQHandler
                0x0800131c                DMA1_Stream6_IRQHandler
                0x0800131c                DMA1_Stream1_IRQHandler
                0x0800131c                UART4_IRQHandler
                0x0800131c                TIM3_IRQHandler
                0x0800131c                RCC_IRQHandler
                0x0800131c                TIM8_BRK_TIM12_IRQHandler
                0x0800131c                Default_Handler
                0x0800131c                EXTI15_10_IRQHandler
                0x0800131c                ADC_IRQHandler
                0x0800131c                DMA1_Stream7_IRQHandler
                0x0800131c                TIM7_IRQHandler
                0x0800131c                CAN2_TX_IRQHandler
                0x0800131c                TIM5_IRQHandler
                0x0800131c                DMA2_Stream7_IRQHandler
                0x0800131c                I2C3_EV_IRQHandler
                0x0800131c                EXTI9_5_IRQHandler
                0x0800131c                RTC_WKUP_IRQHandler
                0x0800131c                ETH_WKUP_IRQHandler
                0x0800131c                SPI2_IRQHandler
                0x0800131c                OTG_HS_EP1_IN_IRQHandler
                0x0800131c                MemManage_Handler
                0x0800131c                DMA1_Stream0_IRQHandler
                0x0800131c                CAN1_TX_IRQHandler
                0x0800131c                SVC_Handler
                0x0800131c                EXTI4_IRQHandler
                0x0800131c                FSMC_IRQHandler
                0x0800131c                ETH_IRQHandler
                0x0800131c                OTG_HS_EP1_OUT_IRQHandler
                0x0800131c                WWDG_IRQHandler
                0x0800131c                OTG_FS_WKUP_IRQHandler
                0x0800131c                TIM1_TRG_COM_TIM11_IRQHandler
                0x0800131c                OTG_HS_IRQHandler
                0x0800131c                EXTI1_IRQHandler
                0x0800131c                USART2_IRQHandler
                0x0800131c                I2C2_ER_IRQHandler
                0x0800131c                DMA2_Stream1_IRQHandler
                0x0800131c                CAN1_SCE_IRQHandler
                0x0800131c                FLASH_IRQHandler
                0x0800131c                DMA2_Stream4_IRQHandler
                0x0800131c                BusFault_Handler
                0x0800131c                USART1_IRQHandler
                0x0800131c                OTG_FS_IRQHandler
                0x0800131c                SPI3_IRQHandler
                0x0800131c                DMA1_Stream4_IRQHandler
                0x0800131c                I2C1_ER_IRQHandler
                0x0800131c                DMA2_Stream6_IRQHandler
                0x0800131c                DMA1_Stream3_IRQHandler
 *fill*         0x0800131e        0x2 
 .text.__libc_init_array
                0x08001320       0x48 c:/program files (x86)/atollic/truestudio for stm32 9.0.0/armtools/bin/../lib/gcc/arm-atollic-eabi/6.3.1/../../../../arm-atollic-eabi/lib/armv7e-m/fpu\libc_nano.a(lib_a-init.o)
                0x08001320                __libc_init_array
 *(.glue_7)
 .glue_7        0x08001368        0x0 linker stubs
 *(.glue_7t)
 .glue_7t       0x08001368        0x0 linker stubs
 *(.eh_frame)
 .eh_frame      0x08001368        0x0 c:/program files (x86)/atollic/truestudio for stm32 9.0.0/armtools/bin/../lib/gcc/arm-atollic-eabi/6.3.1/armv7e-m/fpu/crtbegin.o
 .eh_frame      0x08001368        0x4 c:/program files (x86)/atollic/truestudio for stm32 9.0.0/armtools/bin/../lib/gcc/arm-atollic-eabi/6.3.1/armv7e-m/fpu/crtend.o
 *(.init)
 .init          0x0800136c        0x4 c:/program files (x86)/atollic/truestudio for stm32 9.0.0/armtools/bin/../lib/gcc/arm-atollic-eabi/6.3.1/armv7e-m/fpu/crti.o
                0x0800136c                _init
 .init          0x08001370        0x8 c:/program files (x86)/atollic/truestudio for stm32 9.0.0/armtools/bin/../lib/gcc/arm-atollic-eabi/6.3.1/armv7e-m/fpu/crtn.o
 *(.fini)
 .fini          0x08001378        0x4 c:/program files (x86)/atollic/truestudio for stm32 9.0.0/armtools/bin/../lib/gcc/arm-atollic-eabi/6.3.1/armv7e-m/fpu/crti.o
                0x08001378                _fini
 .fini          0x0800137c        0x8 c:/program files (x86)/atollic/truestudio for stm32 9.0.0/armtools/bin/../lib/gcc/arm-atollic-eabi/6.3.1/armv7e-m/fpu/crtn.o
                0x08001384                . = ALIGN (0x4)
                0x08001384                _etext = .

.vfp11_veneer   0x08001384        0x0
 .vfp11_veneer  0x08001384        0x0 linker stubs

.v4_bx          0x08001384        0x0
 .v4_bx         0x08001384        0x0 linker stubs

.iplt           0x08001384        0x0
 .iplt          0x08001384        0x0 c:/program files (x86)/atollic/truestudio for stm32 9.0.0/armtools/bin/../lib/gcc/arm-atollic-eabi/6.3.1/armv7e-m/fpu/crtbegin.o

.rodata         0x08001384       0x18
                0x08001384                . = ALIGN (0x4)
 *(.rodata)
 .rodata        0x08001384       0x18 CMSIS\system_stm32f4xx.o
                0x08001384                AHBPrescTable
                0x08001394                APBPrescTable
 *(.rodata*)
                0x0800139c                . = ALIGN (0x4)

.rel.dyn        0x0800139c        0x0
 .rel.iplt      0x0800139c        0x0 c:/program files (x86)/atollic/truestudio for stm32 9.0.0/armtools/bin/../lib/gcc/arm-atollic-eabi/6.3.1/armv7e-m/fpu/crtbegin.o

.ARM.extab
 *(.ARM.extab* .gnu.linkonce.armextab.*)

.ARM            0x0800139c        0x0
                0x0800139c                __exidx_start = .
 *(.ARM.exidx*)
                0x0800139c                __exidx_end = .

.preinit_array  0x0800139c        0x0
                0x0800139c                PROVIDE (__preinit_array_start, .)
 *(.preinit_array*)
                0x0800139c                PROVIDE (__preinit_array_end, .)

.init_array     0x0800139c        0x4
                0x0800139c                PROVIDE (__init_array_start, .)
 *(SORT(.init_array.*))
 *(.init_array*)
 .init_array    0x0800139c        0x4 c:/program files (x86)/atollic/truestudio for stm32 9.0.0/armtools/bin/../lib/gcc/arm-atollic-eabi/6.3.1/armv7e-m/fpu/crtbegin.o
                0x080013a0                PROVIDE (__init_array_end, .)

.fini_array     0x080013a0        0x4
                [!provide]                PROVIDE (__fini_array_start, .)
 *(SORT(.fini_array.*))
 *(.fini_array*)
 .fini_array    0x080013a0        0x4 c:/program files (x86)/atollic/truestudio for stm32 9.0.0/armtools/bin/../lib/gcc/arm-atollic-eabi/6.3.1/armv7e-m/fpu/crtbegin.o
                [!provide]                PROVIDE (__fini_array_end, .)
                0x080013a4                _sidata = LOADADDR (.data)

.data           0x20000000        0xc load address 0x080013a4
                0x20000000                . = ALIGN (0x4)
                0x20000000                _sdata = .
 *(.data)
 .data          0x20000000        0x0 c:/program files (x86)/atollic/truestudio for stm32 9.0.0/armtools/bin/../lib/gcc/arm-atollic-eabi/6.3.1/armv7e-m/fpu/crti.o
 .data          0x20000000        0x4 c:/program files (x86)/atollic/truestudio for stm32 9.0.0/armtools/bin/../lib/gcc/arm-atollic-eabi/6.3.1/armv7e-m/fpu/crtbegin.o
                0x20000000                __dso_handle
 .data          0x20000004        0x4 Application\main.o
                0x20000004                delayRef
 .data          0x20000008        0x0 Application\pid.o
 .data          0x20000008        0x4 CMSIS\system_stm32f4xx.o
                0x20000008                SystemCoreClock
 .data          0x2000000c        0x0 Startup\startup_stm32f407xx.o
 .data          0x2000000c        0x0 c:/program files (x86)/atollic/truestudio for stm32 9.0.0/armtools/bin/../lib/gcc/arm-atollic-eabi/6.3.1/../../../../arm-atollic-eabi/lib/armv7e-m/fpu\libc_nano.a(lib_a-init.o)
 .data          0x2000000c        0x0 c:/program files (x86)/atollic/truestudio for stm32 9.0.0/armtools/bin/../lib/gcc/arm-atollic-eabi/6.3.1/armv7e-m/fpu\libgcc.a(_arm_addsubdf3.o)
 .data          0x2000000c        0x0 c:/program files (x86)/atollic/truestudio for stm32 9.0.0/armtools/bin/../lib/gcc/arm-atollic-eabi/6.3.1/armv7e-m/fpu\libgcc.a(_arm_muldivdf3.o)
 .data          0x2000000c        0x0 c:/program files (x86)/atollic/truestudio for stm32 9.0.0/armtools/bin/../lib/gcc/arm-atollic-eabi/6.3.1/armv7e-m/fpu\libgcc.a(_arm_fixdfsi.o)
 .data          0x2000000c        0x0 c:/program files (x86)/atollic/truestudio for stm32 9.0.0/armtools/bin/../lib/gcc/arm-atollic-eabi/6.3.1/armv7e-m/fpu/crtend.o
 .data          0x2000000c        0x0 c:/program files (x86)/atollic/truestudio for stm32 9.0.0/armtools/bin/../lib/gcc/arm-atollic-eabi/6.3.1/armv7e-m/fpu/crtn.o
 *(.data*)
                0x2000000c                . = ALIGN (0x4)
                0x2000000c                _edata = .
                0x080013b0                _siccmram = LOADADDR (.ccmram)

.igot.plt       0x2000000c        0x0 load address 0x080013b0
 .igot.plt      0x2000000c        0x0 c:/program files (x86)/atollic/truestudio for stm32 9.0.0/armtools/bin/../lib/gcc/arm-atollic-eabi/6.3.1/armv7e-m/fpu/crtbegin.o

.ccmram         0x10000000        0x0 load address 0x080013b0
                0x10000000                . = ALIGN (0x4)
                0x10000000                _sccmram = .
 *(.ccmram)
 *(.ccmram*)
                0x10000000                . = ALIGN (0x4)
                0x10000000                _eccmram = .
                0x10000000                . = ALIGN (0x4)

.bss            0x2000000c       0x40
                0x2000000c                _sbss = .
                0x2000000c                __bss_start__ = _sbss
 *(.bss)
 .bss           0x2000000c        0x0 c:/program files (x86)/atollic/truestudio for stm32 9.0.0/armtools/bin/../lib/gcc/arm-atollic-eabi/6.3.1/armv7e-m/fpu/crti.o
 .bss           0x2000000c       0x1c c:/program files (x86)/atollic/truestudio for stm32 9.0.0/armtools/bin/../lib/gcc/arm-atollic-eabi/6.3.1/armv7e-m/fpu/crtbegin.o
 .bss           0x20000028        0x6 Application\main.o
                0x2000002c                gFlags
 .bss           0x2000002e        0x0 Application\pid.o
 .bss           0x2000002e        0x0 CMSIS\system_stm32f4xx.o
 .bss           0x2000002e        0x0 Startup\startup_stm32f407xx.o
 .bss           0x2000002e        0x0 c:/program files (x86)/atollic/truestudio for stm32 9.0.0/armtools/bin/../lib/gcc/arm-atollic-eabi/6.3.1/../../../../arm-atollic-eabi/lib/armv7e-m/fpu\libc_nano.a(lib_a-init.o)
 .bss           0x2000002e        0x0 c:/program files (x86)/atollic/truestudio for stm32 9.0.0/armtools/bin/../lib/gcc/arm-atollic-eabi/6.3.1/armv7e-m/fpu\libgcc.a(_arm_addsubdf3.o)
 .bss           0x2000002e        0x0 c:/program files (x86)/atollic/truestudio for stm32 9.0.0/armtools/bin/../lib/gcc/arm-atollic-eabi/6.3.1/armv7e-m/fpu\libgcc.a(_arm_muldivdf3.o)
 .bss           0x2000002e        0x0 c:/program files (x86)/atollic/truestudio for stm32 9.0.0/armtools/bin/../lib/gcc/arm-atollic-eabi/6.3.1/armv7e-m/fpu\libgcc.a(_arm_fixdfsi.o)
 .bss           0x2000002e        0x0 c:/program files (x86)/atollic/truestudio for stm32 9.0.0/armtools/bin/../lib/gcc/arm-atollic-eabi/6.3.1/armv7e-m/fpu/crtend.o
 .bss           0x2000002e        0x0 c:/program files (x86)/atollic/truestudio for stm32 9.0.0/armtools/bin/../lib/gcc/arm-atollic-eabi/6.3.1/armv7e-m/fpu/crtn.o
 *(.bss*)
 *(COMMON)
 *fill*         0x2000002e        0x2 
 COMMON         0x20000030       0x1c Application\main.o
                0x20000030                delayCCR2
                0x20000034                delayCCR1
                0x20000038                pidData
                0x2000004c                . = ALIGN (0x4)
                0x2000004c                _ebss = .
                0x2000004c                __bss_end__ = _ebss

._user_heap_stack
                0x2000004c      0x400
                0x2000004c                . = ALIGN (0x4)
                [!provide]                PROVIDE (end, .)
                [!provide]                PROVIDE (_end, .)
                0x2000004c                . = (. + _Min_Heap_Size)
                0x2000044c                . = (. + _Min_Stack_Size)
 *fill*         0x2000004c      0x400 
                0x2000044c                . = ALIGN (0x4)

.memory_b1_text
 *(.mb1text)
 *(.mb1text*)
 *(.mb1rodata)
 *(.mb1rodata*)

/DISCARD/
 libc.a(*)
 libm.a(*)
 libgcc.a(*)

.ARM.attributes
                0x00000000       0x30
 *(.ARM.attributes)
 .ARM.attributes
                0x00000000       0x22 c:/program files (x86)/atollic/truestudio for stm32 9.0.0/armtools/bin/../lib/gcc/arm-atollic-eabi/6.3.1/armv7e-m/fpu/crti.o
 .ARM.attributes
                0x00000022       0x34 c:/program files (x86)/atollic/truestudio for stm32 9.0.0/armtools/bin/../lib/gcc/arm-atollic-eabi/6.3.1/armv7e-m/fpu/crtbegin.o
 .ARM.attributes
                0x00000056       0x39 Application\main.o
 .ARM.attributes
                0x0000008f       0x39 Application\pid.o
 .ARM.attributes
                0x000000c8       0x39 CMSIS\system_stm32f4xx.o
 .ARM.attributes
                0x00000101       0x21 Startup\startup_stm32f407xx.o
 .ARM.attributes
                0x00000122       0x34 c:/program files (x86)/atollic/truestudio for stm32 9.0.0/armtools/bin/../lib/gcc/arm-atollic-eabi/6.3.1/../../../../arm-atollic-eabi/lib/armv7e-m/fpu\libc_nano.a(lib_a-init.o)
 .ARM.attributes
                0x00000156       0x22 c:/program files (x86)/atollic/truestudio for stm32 9.0.0/armtools/bin/../lib/gcc/arm-atollic-eabi/6.3.1/armv7e-m/fpu\libgcc.a(_arm_addsubdf3.o)
 .ARM.attributes
                0x00000178       0x22 c:/program files (x86)/atollic/truestudio for stm32 9.0.0/armtools/bin/../lib/gcc/arm-atollic-eabi/6.3.1/armv7e-m/fpu\libgcc.a(_arm_muldivdf3.o)
 .ARM.attributes
                0x0000019a       0x22 c:/program files (x86)/atollic/truestudio for stm32 9.0.0/armtools/bin/../lib/gcc/arm-atollic-eabi/6.3.1/armv7e-m/fpu\libgcc.a(_arm_fixdfsi.o)
 .ARM.attributes
                0x000001bc       0x34 c:/program files (x86)/atollic/truestudio for stm32 9.0.0/armtools/bin/../lib/gcc/arm-atollic-eabi/6.3.1/armv7e-m/fpu/crtend.o
 .ARM.attributes
                0x000001f0       0x22 c:/program files (x86)/atollic/truestudio for stm32 9.0.0/armtools/bin/../lib/gcc/arm-atollic-eabi/6.3.1/armv7e-m/fpu/crtn.o
OUTPUT(pll_v2_f4.elf elf32-littlearm)

.debug_info     0x00000000     0x1599
 .debug_info    0x00000000      0xd79 Application\main.o
 .debug_info    0x00000d79      0x2aa Application\pid.o
 .debug_info    0x00001023      0x4fe CMSIS\system_stm32f4xx.o
 .debug_info    0x00001521       0x78 Startup\startup_stm32f407xx.o

.debug_abbrev   0x00000000      0x49f
 .debug_abbrev  0x00000000      0x255 Application\main.o
 .debug_abbrev  0x00000255      0x12a Application\pid.o
 .debug_abbrev  0x0000037f      0x10e CMSIS\system_stm32f4xx.o
 .debug_abbrev  0x0000048d       0x12 Startup\startup_stm32f407xx.o

.debug_aranges  0x00000000       0x88
 .debug_aranges
                0x00000000       0x20 Application\main.o
 .debug_aranges
                0x00000020       0x20 Application\pid.o
 .debug_aranges
                0x00000040       0x20 CMSIS\system_stm32f4xx.o
 .debug_aranges
                0x00000060       0x28 Startup\startup_stm32f407xx.o

.debug_line     0x00000000      0x6e0
 .debug_line    0x00000000      0x2b5 Application\main.o
 .debug_line    0x000002b5      0x1ee Application\pid.o
 .debug_line    0x000004a3      0x1be CMSIS\system_stm32f4xx.o
 .debug_line    0x00000661       0x7f Startup\startup_stm32f407xx.o

.debug_str      0x00000000      0xb8b
 .debug_str     0x00000000      0xa8f Application\main.o
                                0xb06 (size before relaxing)
 .debug_str     0x00000a8f       0xa4 Application\pid.o
                                0x2dd (size before relaxing)
 .debug_str     0x00000b33       0x58 CMSIS\system_stm32f4xx.o
                                0x37c (size before relaxing)

.comment        0x00000000       0x7c
 .comment       0x00000000       0x7c Application\main.o
                                 0x7d (size before relaxing)
 .comment       0x0000007c       0x7d Application\pid.o
 .comment       0x0000007c       0x7d CMSIS\system_stm32f4xx.o

.debug_frame    0x00000000      0x428
 .debug_frame   0x00000000      0x1fc Application\main.o
 .debug_frame   0x000001fc       0x88 Application\pid.o
 .debug_frame   0x00000284       0x58 CMSIS\system_stm32f4xx.o
 .debug_frame   0x000002dc       0x2c c:/program files (x86)/atollic/truestudio for stm32 9.0.0/armtools/bin/../lib/gcc/arm-atollic-eabi/6.3.1/../../../../arm-atollic-eabi/lib/armv7e-m/fpu\libc_nano.a(lib_a-init.o)
 .debug_frame   0x00000308       0xac c:/program files (x86)/atollic/truestudio for stm32 9.0.0/armtools/bin/../lib/gcc/arm-atollic-eabi/6.3.1/armv7e-m/fpu\libgcc.a(_arm_addsubdf3.o)
 .debug_frame   0x000003b4       0x50 c:/program files (x86)/atollic/truestudio for stm32 9.0.0/armtools/bin/../lib/gcc/arm-atollic-eabi/6.3.1/armv7e-m/fpu\libgcc.a(_arm_muldivdf3.o)
 .debug_frame   0x00000404       0x24 c:/program files (x86)/atollic/truestudio for stm32 9.0.0/armtools/bin/../lib/gcc/arm-atollic-eabi/6.3.1/armv7e-m/fpu\libgcc.a(_arm_fixdfsi.o)

.debug_ranges   0x00000000       0x20
 .debug_ranges  0x00000000       0x20 Startup\startup_stm32f407xx.o

Cross Reference Table

Symbol                                            File
ADC_IRQHandler                                    Startup\startup_stm32f407xx.o
AHBPrescTable                                     CMSIS\system_stm32f4xx.o
APBPrescTable                                     CMSIS\system_stm32f4xx.o
BusFault_Handler                                  Startup\startup_stm32f407xx.o
CAN1_RX0_IRQHandler                               Startup\startup_stm32f407xx.o
CAN1_RX1_IRQHandler                               Startup\startup_stm32f407xx.o
CAN1_SCE_IRQHandler                               Startup\startup_stm32f407xx.o
CAN1_TX_IRQHandler                                Startup\startup_stm32f407xx.o
CAN2_RX0_IRQHandler                               Startup\startup_stm32f407xx.o
CAN2_RX1_IRQHandler                               Startup\startup_stm32f407xx.o
CAN2_SCE_IRQHandler                               Startup\startup_stm32f407xx.o
CAN2_TX_IRQHandler                                Startup\startup_stm32f407xx.o
DCMI_IRQHandler                                   Startup\startup_stm32f407xx.o
DMA1_Stream0_IRQHandler                           Startup\startup_stm32f407xx.o
DMA1_Stream1_IRQHandler                           Startup\startup_stm32f407xx.o
DMA1_Stream2_IRQHandler                           Startup\startup_stm32f407xx.o
DMA1_Stream3_IRQHandler                           Startup\startup_stm32f407xx.o
DMA1_Stream4_IRQHandler                           Startup\startup_stm32f407xx.o
DMA1_Stream5_IRQHandler                           Startup\startup_stm32f407xx.o
DMA1_Stream6_IRQHandler                           Startup\startup_stm32f407xx.o
DMA1_Stream7_IRQHandler                           Startup\startup_stm32f407xx.o
DMA2_Stream0_IRQHandler                           Startup\startup_stm32f407xx.o
DMA2_Stream1_IRQHandler                           Startup\startup_stm32f407xx.o
DMA2_Stream2_IRQHandler                           Startup\startup_stm32f407xx.o
DMA2_Stream3_IRQHandler                           Startup\startup_stm32f407xx.o
DMA2_Stream4_IRQHandler                           Startup\startup_stm32f407xx.o
DMA2_Stream5_IRQHandler                           Startup\startup_stm32f407xx.o
DMA2_Stream6_IRQHandler                           Startup\startup_stm32f407xx.o
DMA2_Stream7_IRQHandler                           Startup\startup_stm32f407xx.o
DebugMon_Handler                                  Startup\startup_stm32f407xx.o
Default_Handler                                   Startup\startup_stm32f407xx.o
ETH_IRQHandler                                    Startup\startup_stm32f407xx.o
ETH_WKUP_IRQHandler                               Startup\startup_stm32f407xx.o
EXTI0_IRQHandler                                  Startup\startup_stm32f407xx.o
EXTI15_10_IRQHandler                              Startup\startup_stm32f407xx.o
EXTI1_IRQHandler                                  Startup\startup_stm32f407xx.o
EXTI2_IRQHandler                                  Startup\startup_stm32f407xx.o
EXTI3_IRQHandler                                  Startup\startup_stm32f407xx.o
EXTI4_IRQHandler                                  Startup\startup_stm32f407xx.o
EXTI9_5_IRQHandler                                Startup\startup_stm32f407xx.o
FLASH_IRQHandler                                  Startup\startup_stm32f407xx.o
FPU_IRQHandler                                    Startup\startup_stm32f407xx.o
FSMC_IRQHandler                                   Startup\startup_stm32f407xx.o
HASH_RNG_IRQHandler                               Startup\startup_stm32f407xx.o
HardFault_Handler                                 Startup\startup_stm32f407xx.o
I2C1_ER_IRQHandler                                Startup\startup_stm32f407xx.o
I2C1_EV_IRQHandler                                Startup\startup_stm32f407xx.o
I2C2_ER_IRQHandler                                Startup\startup_stm32f407xx.o
I2C2_EV_IRQHandler                                Startup\startup_stm32f407xx.o
I2C3_ER_IRQHandler                                Startup\startup_stm32f407xx.o
I2C3_EV_IRQHandler                                Startup\startup_stm32f407xx.o
MemManage_Handler                                 Startup\startup_stm32f407xx.o
NMI_Handler                                       Startup\startup_stm32f407xx.o
OTG_FS_IRQHandler                                 Startup\startup_stm32f407xx.o
OTG_FS_WKUP_IRQHandler                            Startup\startup_stm32f407xx.o
OTG_HS_EP1_IN_IRQHandler                          Startup\startup_stm32f407xx.o
OTG_HS_EP1_OUT_IRQHandler                         Startup\startup_stm32f407xx.o
OTG_HS_IRQHandler                                 Startup\startup_stm32f407xx.o
OTG_HS_WKUP_IRQHandler                            Startup\startup_stm32f407xx.o
PVD_IRQHandler                                    Startup\startup_stm32f407xx.o
PendSV_Handler                                    Startup\startup_stm32f407xx.o
RCC_IRQHandler                                    Startup\startup_stm32f407xx.o
RTC_Alarm_IRQHandler                              Startup\startup_stm32f407xx.o
RTC_WKUP_IRQHandler                               Startup\startup_stm32f407xx.o
Reset_Handler                                     Startup\startup_stm32f407xx.o
SDIO_IRQHandler                                   Startup\startup_stm32f407xx.o
SPI1_IRQHandler                                   Startup\startup_stm32f407xx.o
SPI2_IRQHandler                                   Startup\startup_stm32f407xx.o
SPI3_IRQHandler                                   Startup\startup_stm32f407xx.o
SVC_Handler                                       Startup\startup_stm32f407xx.o
SysTick_Handler                                   Application\main.o
SystemCoreClock                                   CMSIS\system_stm32f4xx.o
                                                  Application\main.o
SystemCoreClockUpdate                             CMSIS\system_stm32f4xx.o
                                                  Application\main.o
SystemInit                                        CMSIS\system_stm32f4xx.o
                                                  Startup\startup_stm32f407xx.o
TAMP_STAMP_IRQHandler                             Startup\startup_stm32f407xx.o
TB_Wait                                           Application\main.o
TIM1_BRK_TIM9_IRQHandler                          Startup\startup_stm32f407xx.o
TIM1_CC_IRQHandler                                Application\main.o
TIM1_Init                                         Application\main.o
TIM1_TRG_COM_TIM11_IRQHandler                     Startup\startup_stm32f407xx.o
TIM1_UP_TIM10_IRQHandler                          Application\main.o
TIM2_IRQHandler                                   Application\main.o
TIM2_Init                                         Application\main.o
TIM3_IRQHandler                                   Startup\startup_stm32f407xx.o
TIM4_IRQHandler                                   Startup\startup_stm32f407xx.o
TIM5_IRQHandler                                   Startup\startup_stm32f407xx.o
TIM6_DAC_IRQHandler                               Startup\startup_stm32f407xx.o
TIM7_IRQHandler                                   Startup\startup_stm32f407xx.o
TIM8_BRK_TIM12_IRQHandler                         Startup\startup_stm32f407xx.o
TIM8_CC_IRQHandler                                Startup\startup_stm32f407xx.o
TIM8_TRG_COM_TIM14_IRQHandler                     Startup\startup_stm32f407xx.o
TIM8_UP_TIM13_IRQHandler                          Startup\startup_stm32f407xx.o
UART4_IRQHandler                                  Startup\startup_stm32f407xx.o
UART5_IRQHandler                                  Startup\startup_stm32f407xx.o
USART1_IRQHandler                                 Startup\startup_stm32f407xx.o
USART2_IRQHandler                                 Startup\startup_stm32f407xx.o
USART3_IRQHandler                                 Startup\startup_stm32f407xx.o
USART6_IRQHandler                                 Startup\startup_stm32f407xx.o
UsageFault_Handler                                Startup\startup_stm32f407xx.o
WWDG_IRQHandler                                   Startup\startup_stm32f407xx.o
__adddf3                                          c:/program files (x86)/atollic/truestudio for stm32 9.0.0/armtools/bin/../lib/gcc/arm-atollic-eabi/6.3.1/armv7e-m/fpu\libgcc.a(_arm_addsubdf3.o)
__aeabi_d2iz                                      c:/program files (x86)/atollic/truestudio for stm32 9.0.0/armtools/bin/../lib/gcc/arm-atollic-eabi/6.3.1/armv7e-m/fpu\libgcc.a(_arm_fixdfsi.o)
                                                  Application\main.o
__aeabi_dadd                                      c:/program files (x86)/atollic/truestudio for stm32 9.0.0/armtools/bin/../lib/gcc/arm-atollic-eabi/6.3.1/armv7e-m/fpu\libgcc.a(_arm_addsubdf3.o)
__aeabi_ddiv                                      c:/program files (x86)/atollic/truestudio for stm32 9.0.0/armtools/bin/../lib/gcc/arm-atollic-eabi/6.3.1/armv7e-m/fpu\libgcc.a(_arm_muldivdf3.o)
__aeabi_dmul                                      c:/program files (x86)/atollic/truestudio for stm32 9.0.0/armtools/bin/../lib/gcc/arm-atollic-eabi/6.3.1/armv7e-m/fpu\libgcc.a(_arm_muldivdf3.o)
                                                  Application\main.o
__aeabi_drsub                                     c:/program files (x86)/atollic/truestudio for stm32 9.0.0/armtools/bin/../lib/gcc/arm-atollic-eabi/6.3.1/armv7e-m/fpu\libgcc.a(_arm_addsubdf3.o)
__aeabi_dsub                                      c:/program files (x86)/atollic/truestudio for stm32 9.0.0/armtools/bin/../lib/gcc/arm-atollic-eabi/6.3.1/armv7e-m/fpu\libgcc.a(_arm_addsubdf3.o)
__aeabi_f2d                                       c:/program files (x86)/atollic/truestudio for stm32 9.0.0/armtools/bin/../lib/gcc/arm-atollic-eabi/6.3.1/armv7e-m/fpu\libgcc.a(_arm_addsubdf3.o)
__aeabi_i2d                                       c:/program files (x86)/atollic/truestudio for stm32 9.0.0/armtools/bin/../lib/gcc/arm-atollic-eabi/6.3.1/armv7e-m/fpu\libgcc.a(_arm_addsubdf3.o)
                                                  Application\main.o
__aeabi_l2d                                       c:/program files (x86)/atollic/truestudio for stm32 9.0.0/armtools/bin/../lib/gcc/arm-atollic-eabi/6.3.1/armv7e-m/fpu\libgcc.a(_arm_addsubdf3.o)
__aeabi_ui2d                                      c:/program files (x86)/atollic/truestudio for stm32 9.0.0/armtools/bin/../lib/gcc/arm-atollic-eabi/6.3.1/armv7e-m/fpu\libgcc.a(_arm_addsubdf3.o)
__aeabi_ul2d                                      c:/program files (x86)/atollic/truestudio for stm32 9.0.0/armtools/bin/../lib/gcc/arm-atollic-eabi/6.3.1/armv7e-m/fpu\libgcc.a(_arm_addsubdf3.o)
__deregister_frame_info                           c:/program files (x86)/atollic/truestudio for stm32 9.0.0/armtools/bin/../lib/gcc/arm-atollic-eabi/6.3.1/armv7e-m/fpu/crtbegin.o
__divdf3                                          c:/program files (x86)/atollic/truestudio for stm32 9.0.0/armtools/bin/../lib/gcc/arm-atollic-eabi/6.3.1/armv7e-m/fpu\libgcc.a(_arm_muldivdf3.o)
__dso_handle                                      c:/program files (x86)/atollic/truestudio for stm32 9.0.0/armtools/bin/../lib/gcc/arm-atollic-eabi/6.3.1/armv7e-m/fpu/crtbegin.o
__extendsfdf2                                     c:/program files (x86)/atollic/truestudio for stm32 9.0.0/armtools/bin/../lib/gcc/arm-atollic-eabi/6.3.1/armv7e-m/fpu\libgcc.a(_arm_addsubdf3.o)
__fixdfsi                                         c:/program files (x86)/atollic/truestudio for stm32 9.0.0/armtools/bin/../lib/gcc/arm-atollic-eabi/6.3.1/armv7e-m/fpu\libgcc.a(_arm_fixdfsi.o)
__floatdidf                                       c:/program files (x86)/atollic/truestudio for stm32 9.0.0/armtools/bin/../lib/gcc/arm-atollic-eabi/6.3.1/armv7e-m/fpu\libgcc.a(_arm_addsubdf3.o)
__floatsidf                                       c:/program files (x86)/atollic/truestudio for stm32 9.0.0/armtools/bin/../lib/gcc/arm-atollic-eabi/6.3.1/armv7e-m/fpu\libgcc.a(_arm_addsubdf3.o)
__floatundidf                                     c:/program files (x86)/atollic/truestudio for stm32 9.0.0/armtools/bin/../lib/gcc/arm-atollic-eabi/6.3.1/armv7e-m/fpu\libgcc.a(_arm_addsubdf3.o)
__floatunsidf                                     c:/program files (x86)/atollic/truestudio for stm32 9.0.0/armtools/bin/../lib/gcc/arm-atollic-eabi/6.3.1/armv7e-m/fpu\libgcc.a(_arm_addsubdf3.o)
__init_array_end                                  c:/program files (x86)/atollic/truestudio for stm32 9.0.0/armtools/bin/../lib/gcc/arm-atollic-eabi/6.3.1/../../../../arm-atollic-eabi/lib/armv7e-m/fpu\libc_nano.a(lib_a-init.o)
__init_array_start                                c:/program files (x86)/atollic/truestudio for stm32 9.0.0/armtools/bin/../lib/gcc/arm-atollic-eabi/6.3.1/../../../../arm-atollic-eabi/lib/armv7e-m/fpu\libc_nano.a(lib_a-init.o)
__libc_init_array                                 c:/program files (x86)/atollic/truestudio for stm32 9.0.0/armtools/bin/../lib/gcc/arm-atollic-eabi/6.3.1/../../../../arm-atollic-eabi/lib/armv7e-m/fpu\libc_nano.a(lib_a-init.o)
                                                  Startup\startup_stm32f407xx.o
__muldf3                                          c:/program files (x86)/atollic/truestudio for stm32 9.0.0/armtools/bin/../lib/gcc/arm-atollic-eabi/6.3.1/armv7e-m/fpu\libgcc.a(_arm_muldivdf3.o)
__preinit_array_end                               c:/program files (x86)/atollic/truestudio for stm32 9.0.0/armtools/bin/../lib/gcc/arm-atollic-eabi/6.3.1/../../../../arm-atollic-eabi/lib/armv7e-m/fpu\libc_nano.a(lib_a-init.o)
__preinit_array_start                             c:/program files (x86)/atollic/truestudio for stm32 9.0.0/armtools/bin/../lib/gcc/arm-atollic-eabi/6.3.1/../../../../arm-atollic-eabi/lib/armv7e-m/fpu\libc_nano.a(lib_a-init.o)
__register_frame_info                             c:/program files (x86)/atollic/truestudio for stm32 9.0.0/armtools/bin/../lib/gcc/arm-atollic-eabi/6.3.1/armv7e-m/fpu/crtbegin.o
__subdf3                                          c:/program files (x86)/atollic/truestudio for stm32 9.0.0/armtools/bin/../lib/gcc/arm-atollic-eabi/6.3.1/armv7e-m/fpu\libgcc.a(_arm_addsubdf3.o)
_ebss                                             Startup\startup_stm32f407xx.o
_edata                                            Startup\startup_stm32f407xx.o
_estack                                           Startup\startup_stm32f407xx.o
_fini                                             c:/program files (x86)/atollic/truestudio for stm32 9.0.0/armtools/bin/../lib/gcc/arm-atollic-eabi/6.3.1/armv7e-m/fpu/crti.o
_init                                             c:/program files (x86)/atollic/truestudio for stm32 9.0.0/armtools/bin/../lib/gcc/arm-atollic-eabi/6.3.1/armv7e-m/fpu/crti.o
                                                  c:/program files (x86)/atollic/truestudio for stm32 9.0.0/armtools/bin/../lib/gcc/arm-atollic-eabi/6.3.1/../../../../arm-atollic-eabi/lib/armv7e-m/fpu\libc_nano.a(lib_a-init.o)
_sbss                                             Startup\startup_stm32f407xx.o
_sdata                                            Startup\startup_stm32f407xx.o
_sidata                                           Startup\startup_stm32f407xx.o
clockConfig                                       Application\main.o
delayCCR1                                         Application\main.o
delayCCR2                                         Application\main.o
delayRef                                          Application\main.o
gFlags                                            Application\main.o
g_pfnVectors                                      Startup\startup_stm32f407xx.o
main                                              Application\main.o
                                                  Startup\startup_stm32f407xx.o
pidData                                           Application\main.o
pid_Controller                                    Application\pid.o
                                                  Application\main.o
pid_Init                                          Application\pid.o
                                                  Application\main.o
pid_Reset_Integrator                              Application\pid.o
setFreq                                           Application\main.o
setPulseWidth                                     Application\main.o
