core_cm4.h:1626:22:NVIC_EnableIRQ	16	static
core_cm4.h:1698:22:NVIC_SetPriority	16	static
core_cm4.h:1830:26:SysTick_Config	16	static
main.h:25:6:clockConfig	4	static
main.h:66:6:TIM2_Init	4	static
main.h:114:6:TIM1_Init	8	static
main.c:44:6:TB_Wait	16	static
main.c:50:6:setFreq	16	static
main.c:55:6:setPulseWidth	16	static
main.c:61:5:main	8	static
main.c:88:6:TIM1_UP_TIM10_IRQHandler	24	static
main.c:133:6:TIM1_CC_IRQHandler	4	static
main.c:139:6:TIM2_IRQHandler	4	static
main.c:155:6:SysTick_Handler	4	static
